FILE_TYPE=LIBRARY_PARTS;
PRIMITIVE 'CEM_1205_IC','CEM_1205_IC_Other';
  PIN
    '2':
      PIN_NUMBER='(2)';
      NO_LOAD_CHECK=BOTH;
      NO_IO_CHECK=BOTH;
      ALLOW_CONNECT=TRUE;
      PINUSE='UNSPEC';
    '':
      PIN_NUMBER='()';
      NO_LOAD_CHECK=BOTH;
      NO_IO_CHECK=BOTH;
      ALLOW_CONNECT=TRUE;
      PINUSE='UNSPEC';
  END_PIN;
  BODY
    PART_NAME='CEM_1205_IC';
    PHYS_DES_PREFIX='LS';
    NO_LOAD_CHECK='TRUE';
    PIN_COUNT='2';
    BODY_NAME='CEM_1205_IC';
    JEDEC_TYPE='CEM1205IC';
  END_BODY;
END_PRIMITIVE;
END.
